query: BinaryExpression
matches:
  - expression: 5 + 3
    type: BinaryExpression
    line: 7
    column: 18
    scope: function outerFunction
  - expression: result * 2
    type: BinaryExpression
    line: 10
    column: 28
    scope: function innerFunction
  - expression: multiplication + 1
    type: BinaryExpression
    line: 11
    column: 12
    scope: function innerFunction