query: "function calculate\\w+"
matches:
  - kind: FunctionDeclaration
    text: 'function calculateArea(width: number, height: numb...'
    line: 6
    column: 1
  - kind: FunctionDeclaration
    text: 'function calculatePerimeter(width: number, height:...'
    line: 11
    column: 1
  - kind: FunctionDeclaration
    text: 'function calculateVolume(length: number, width: nu...'
    line: 20
    column: 1