File moved: src/utils/helper.ts â†’ src/core/helper.ts
Updated imports in:
  - src/main.ts
  - tests/helper.test.ts