File moved: src/utils/parser.ts â†’ src/core/parsing/parser.ts
Updated imports in:
  - src/main.ts
  - src/core/parsing/parser.ts