[generics/container.ts 7:10-7:15] items
[generics/container.ts 4:11-4:16] items
[generics/container.ts 11:17-11:22] items
[generics/container.ts 15:21-15:26] items
[generics/container.ts 19:17-19:22] items
[generics/container.ts 23:17-23:22] items
[generics/container.ts 27:17-27:22] items