Declaration:
[interfaces/repository.ts 11:9-11:13]   async ≫save≪(user: User): Promise<User> {

Usages:
[interfaces/repository.ts 4:3-4:7]   ≫save≪(entity: T): Promise<T>;
[interfaces/repository.ts 46:26-46:30]     return this.userRepo.≫save≪(user);
[main.ts 30:10-30:14] userRepo.≫save≪({ id: '1', name: 'John', email: 'john@example.com' });