[arrow-function.received.ts 2:17-5:2]
(event) => {
  event.preventDefault();
  return false;
}