Successfully inlined variable 'sum' (2 occurrences replaced)