File moved: src/utils/index.ts â†’ src/helpers/index.ts
Updated imports in:
  - src/main.ts