query: "BinaryExpression[left.name='x'][right.name='y']"
matches:
  - expression: "x + y"
    type: "BinaryExpression"
    line: 2
    column: 18
    scope: "function calculate"
  - expression: "x * y"
    type: "BinaryExpression"
    line: 3
    column: 19
    scope: "function calculate"