[narrow-down-with-capture-group.received.ts 8:11-8:21] tempResult