File moved: services/api.ts â†’ core/api.ts
Updated imports in:
  - src/main.ts