File moved: src/services/logger.ts â†’ src/core/logging/logger.ts
Updated imports in:
  - src/main.ts