File moved: src/user/user-validator.ts â†’ src/validation/user-validator.ts
Updated imports in:
  - src/main.ts