File moved: src/utils/helper.ts â†’ src/lib/common/helper.ts
Updated imports in:
  - src/main.ts