# Example Document

Some introductory text.

<!-- AUTO-GENERATED HELP START -->
New help content
<!-- AUTO-GENERATED HELP END -->

More content below.

<!-- AUTO-GENERATED QUALITY-CHECKS START -->
Old quality checks here
<!-- AUTO-GENERATED QUALITY-CHECKS END -->

Final content.