VariableDeclaration - variable: true
Parameter - param: true
FunctionDeclaration - namedFn: false
