[tests/fixtures/commands/select/with-context/preview-line.received.ts 8:11-8:21] const ≫tempResult≪ = transform(input);
[tests/fixtures/commands/select/with-context/preview-line.received.ts 9:29-9:39] const output = validate(≫tempResult≪);