Created directory: src/types/declarations/
File moved: src/types/global.d.ts â†’ src/types/declarations/global.d.ts
No import references found to update