File moved: src/utils/container.ts â†’ src/core/container.ts
Updated imports in:
  - src/main.ts