File moved: src/types/api.ts â†’ src/domain/api/types.ts
Updated imports in:
  - src/main.ts