File moved: src/modules/order.ts â†’ src/domain/order/order.ts
Updated imports in:
  - src/main.ts
  - src/services/payment-service.ts