File moved: src/utils/config.ts â†’ src/configuration/config.ts
Updated imports in:
  - src/main.ts
  - src/configuration/config.ts