[function-parameter.received.ts 6:23-6:36] value: number
[function-parameter.received.ts 7:19-7:24] value
[function-parameter.received.ts 8:7-8:12] value
[function-parameter.received.ts 9:12-9:17] value