Warning: Syntax errors detected in src/broken.ts
File moved: src/broken.ts â†’ src/fixed/broken.ts
No import references found to update