Declaration:
[circular-a/module-a.ts 3:17-3:26] functionA

Usages:
[circular-b/module-b.ts 9:11-9:20] functionA
[circular-b/module-b.ts 10:24-10:33] functionA
[main.ts 7:10-7:19] functionA
[main.ts 18:17-18:26] functionA