Declaration:
[deep/nested/modules/utils.ts 3:17-3:25] export function ≫deepUtil≪(value: string): string {

Usages:
[main.ts 4:10-4:18] import { ≫deepUtil≪, anotherDeep } from './deep/nested/modules/utils';
[main.ts 14:20-14:28] const deepResult = ≫deepUtil≪('test');
[main.ts 37:21-37:29] const deepResult2 = ≫deepUtil≪('another test');
[main.ts 38:21-38:29] const deepResult3 = ≫deepUtil≪('third test');