[barrel/core.ts 7:7-7:12] count
[barrel/core.ts 10:10-10:15] count
[barrel/core.ts 14:11-14:16] count
[barrel/core.ts 17:17-17:22] count
[main.ts 25:7-25:12] count