{
  "success": false,
  "changesCount": 0,
  "message": "Unknown error during rename"
}
