[function-parameter.input.ts 6:23-6:36] value: number
[function-parameter.input.ts 7:19-7:24] value
[function-parameter.input.ts 8:7-8:12] value
[function-parameter.input.ts 9:12-9:17] value