[simple-variable.received.ts 7:9-7:19] count = 42
[simple-variable.received.ts 8:15-8:20] count
[simple-variable.received.ts 9:10-9:15] count