variable: value
declaration:
  kind: declaration
  line: 11
  column: 9
  text: value = 20
usages:
  - kind: usage
    usageType: read
    line: 12
    column: 17
    text: value
  - kind: usage
    usageType: write
    line: 13
    column: 5
    text: value